// Vitest Snapshot v1, https://vitest.dev/guide/snapshot.html

exports[`ConfirmDialog > mounts 1`] = `
"<div class="v-card v-theme--light v-card--density-default v-card--variant-elevated">
  <!---->
  <div class="v-card__loader">
    <div class="v-progress-linear v-theme--light v-locale--is-ltr" style="top: 0px; height: 0px; --v-progress-linear-height: 2px; left: 50%; transform: translateX(-50%);" role="progressbar" aria-hidden="true" aria-valuemin="0" aria-valuemax="100">
      <!---->
      <div class="v-progress-linear__background" style="width: 100%;"></div>
      <transition-stub name="fade-transition" appear="false" persisted="false" css="true">
        <div class="v-progress-linear__indeterminate">
          <div class="v-progress-linear__indeterminate long"></div>
          <div class="v-progress-linear__indeterminate short"></div>
        </div>
      </transition-stub>
      <!---->
    </div>
  </div>
  <!---->
  <!---->
  <div class="v-card-title">Please confirm</div>
  <div class="v-card-text">Are you sure?</div>
  <div class="v-card-actions"><button type="button" class="v-btn v-btn--slim v-theme--light text-primary v-btn--density-default v-btn--size-default v-btn--variant-outlined" data-test-id="confirm-dialog-confirm-button"><span class="v-btn__overlay"></span><span class="v-btn__underlay"></span><span class="v-btn__prepend"><i class="mdi-check mdi v-icon notranslate v-theme--light v-icon--size-default" aria-hidden="true"></i></span><span class="v-btn__content" data-no-activator="">Confirm</span>
      <!---->
      <!---->
    </button><button type="button" class="v-btn v-btn--slim v-theme--light v-btn--density-default v-btn--size-default v-btn--variant-text" data-test-id="confirm-dialog-cancel-button"><span class="v-btn__overlay"></span><span class="v-btn__underlay"></span><span class="v-btn__prepend"><i class="mdi-close mdi v-icon notranslate v-theme--light v-icon--size-default" aria-hidden="true"></i></span><span class="v-btn__content" data-no-activator="">Cancel</span>
      <!---->
      <!---->
    </button></div>
  <!---->
  <!----><span class="v-card__underlay"></span>
</div>"
`;
