// Vitest Snapshot v1, https://vitest.dev/guide/snapshot.html

exports[`InfoDialog > mounts 1`] = `
"<div class="v-card v-theme--customLight v-card--density-default v-card--variant-elevated">
  <!---->
  <div class="v-card__loader">
    <div class="v-progress-linear v-theme--customLight v-locale--is-ltr" style="height: 0px; --v-progress-linear-height: 2px;" role="progressbar" aria-hidden="true" aria-valuemin="0" aria-valuemax="100">
      <!---->
      <div class="v-progress-linear__background" style="width: 100%;"></div>
      <transition-stub name="fade-transition" appear="false" persisted="false" css="true">
        <div class="v-progress-linear__indeterminate">
          <div class="v-progress-linear__indeterminate long"></div>
          <div class="v-progress-linear__indeterminate short"></div>
        </div>
      </transition-stub>
      <!---->
    </div>
  </div>
  <!---->
  <!---->
  <div class="v-card-title">Info</div>
  <div class="v-card-text">My content</div>
  <div class="v-card-actions"><button type="button" class="v-btn v-btn--slim v-theme--customLight text-primary v-btn--density-default v-btn--size-default v-btn--variant-text" data-test-id="info-dialog-close-button"><span class="v-btn__overlay"></span><span class="v-btn__underlay"></span><span class="v-btn__prepend"><i class="v-icon notranslate v-theme--customLight v-icon--size-default" aria-hidden="true"><svg class="v-icon__svg" xmlns="http://www.w3.org/2000/svg" viewBox="0 0 24 24" role="img" aria-hidden="true"><path d="M19,6.41L17.59,5L12,10.59L6.41,5L5,6.41L10.59,12L5,17.59L6.41,19L12,13.41L17.59,19L19,17.59L13.41,12L19,6.41Z"></path></svg></i></span><span class="v-btn__content" data-no-activator="">Close</span>
      <!---->
      <!---->
    </button></div>
  <!---->
  <!----><span class="v-card__underlay"></span>
</div>"
`;
