// Vitest Snapshot v1, https://vitest.dev/guide/snapshot.html

exports[`ScheduleSettings > mounts 1`] = `
"<div data-v-76426b41="" class="v-card v-theme--light v-card--density-default v-card--rounded v-card--variant-elevated mb-10" style="background-color: rgba(255, 255, 255, 0.9);">
  <!---->
  <div class="v-card__loader">
    <div class="v-progress-linear v-theme--light v-locale--is-ltr" style="top: 0px; height: 0px; --v-progress-linear-height: 2px; left: 50%; transform: translateX(-50%);" role="progressbar" aria-hidden="true" aria-valuemin="0" aria-valuemax="100">
      <!---->
      <div class="v-progress-linear__background" style="width: 100%;"></div>
      <transition-stub name="fade-transition" appear="false" persisted="false" css="true">
        <div class="v-progress-linear__indeterminate">
          <div class="v-progress-linear__indeterminate long"></div>
          <div class="v-progress-linear__indeterminate short"></div>
        </div>
      </transition-stub>
      <!---->
    </div>
  </div>
  <!---->
  <!---->
  <div data-v-76426b41="" class="v-card-text">
    <div data-v-76426b41="" class="v-expansion-panels v-theme--light v-expansion-panels--variant-default">
      <div data-v-76426b41="" class="v-expansion-panel v-expansion-panel--active bg-transparent">
        <div class="v-expansion-panel__shadow elevation-0"></div>
        <!---->
        <!----><button data-v-76426b41="" class="v-expansion-panel-title v-expansion-panel-title--active" type="button" aria-expanded="true" data-test-id="schedule-settings__heading"><span class="v-expansion-panel-title__overlay"></span>
          <h2 data-v-76426b41="" class="text-h5">Schedule Settings</h2><span class="v-expansion-panel-title__icon"><i class="mdi-chevron-up mdi v-icon notranslate v-theme--light v-icon--size-default" aria-hidden="true"></i></span>
        </button>
        <transition-stub data-v-76426b41="" name="expand-transition" appear="false" persisted="false" css="true">
          <div class="v-expansion-panel-text">
            <div class="v-expansion-panel-text__wrapper">
              <!-- <v-text-field
              id="schedule-settings-program-name"
              class="schedule-settings-input--wide"
              v-model="settings.name"
              :label="$t('settings.programName')"
              :error-messages="getValidationErrors(v$.name)"
              maxlength="30"
              counter
              variant="underlined"
              @input="v$.name.$touch"
              @blur="v$.name.$touch"
            /> --><label data-v-76426b41="" class="v-label" for="schedule-settings-start-of-week">
                <!---->Start of Week
              </label>
              <div data-v-76426b41="" class="v-input v-input--horizontal v-input--center-affix v-input--density-default v-locale--is-ltr v-input--dirty v-radio-group">
                <!---->
                <div class="v-input__control">
                  <!---->
                  <div class="v-selection-control-group v-selection-control-group--inline" role="radiogroup" aria-describedby="schedule-settings-start-of-week-messages">
                    <div data-v-76426b41="" class="v-selection-control v-selection-control--dirty v-selection-control--inline v-selection-control--density-default v-radio" data-test-id="schedule-settings-start-of-week-monday">
                      <div class="v-selection-control__wrapper">
                        <!---->
                        <div class="v-selection-control__input"><i class="mdi-radiobox-marked mdi v-icon notranslate v-theme--light v-icon--size-default" aria-hidden="true"></i><input id="input-4" aria-disabled="false" type="radio" name="schedule-settings-start-of-week" value="false"></div>
                      </div><label class="v-label v-label--clickable" for="input-4">
                        <!---->Monday
                      </label>
                    </div>
                    <div data-v-76426b41="" class="v-selection-control v-selection-control--inline v-selection-control--density-default v-radio" data-test-id="schedule-settings-start-of-week-sunday">
                      <div class="v-selection-control__wrapper">
                        <!---->
                        <div class="v-selection-control__input"><i class="mdi-radiobox-blank mdi v-icon notranslate v-theme--light v-icon--size-default" aria-hidden="true"></i><input id="input-5" aria-disabled="false" type="radio" name="schedule-settings-start-of-week" value="true"></div>
                      </div><label class="v-label v-label--clickable" for="input-5">
                        <!---->Sunday
                      </label>
                    </div>
                  </div>
                </div>
                <!---->
                <div class="v-input__details">
                  <transition-group-stub name="slide-y-transition" tag="div" appear="false" persisted="false" css="true" class="v-messages" role="alert" aria-live="polite" id="schedule-settings-start-of-week-messages">
                    <!---->
                  </transition-group-stub>
                  <!---->
                </div>
              </div><label data-v-76426b41="" class="v-label" for="schedule-settings-start-date">
                <!---->Program Start Date
              </label>
              <div data-v-76426b41="" class="dp__main dp__theme_light" data-datepicker-instance="">
                <div>
                  <!---->
                  <div class="dp__input_wrap">
                    <div data-v-76426b41="" class="v-input v-input--horizontal v-input--density-default v-locale--is-ltr v-input--readonly v-text-field v-input--plain-underlined">
                      <!---->
                      <div class="v-input__control">
                        <div class="v-field v-field--appended v-field--no-label v-field--variant-underlined v-theme--light v-locale--is-ltr">
                          <div class="v-field__overlay"></div>
                          <div class="v-field__loader">
                            <div class="v-progress-linear v-theme--light v-locale--is-ltr" style="top: 0px; height: 0px; --v-progress-linear-height: 2px; left: 50%; transform: translateX(-50%);" role="progressbar" aria-hidden="true" aria-valuemin="0" aria-valuemax="100">
                              <!---->
                              <div class="v-progress-linear__background" style="width: 100%;"></div>
                              <transition-stub name="fade-transition" appear="false" persisted="false" css="true">
                                <div class="v-progress-linear__indeterminate">
                                  <div class="v-progress-linear__indeterminate long"></div>
                                  <div class="v-progress-linear__indeterminate short"></div>
                                </div>
                              </transition-stub>
                              <!---->
                            </div>
                          </div>
                          <!---->
                          <div class="v-field__field" data-no-activator="">
                            <!----><label class="v-label v-field-label" for="schedule-settings-start-date">
                              <!---->
                              <!---->
                            </label>
                            <!----><input readonly="" placeholder="Required for ICS export" size="1" type="text" id="schedule-settings-start-date" aria-describedby="schedule-settings-start-date-messages" class="v-field__input">
                            <!---->
                          </div>
                          <transition-stub name="expand-x-transition" appear="false" persisted="false" css="true">
                            <div class="v-field__clearable" style="display: none;"><i class="mdi-close-circle mdi v-icon notranslate v-theme--light v-icon--size-default v-icon--clickable" role="button" aria-hidden="false" aria-label="Clear "></i></div>
                          </transition-stub>
                          <div class="v-field__append-inner">
                            <!---->
                            <!---->
                          </div>
                          <div class="v-field__outline">
                            <!---->
                            <!---->
                          </div>
                        </div>
                      </div>
                      <!---->
                      <div class="v-input__details">
                        <transition-group-stub name="slide-y-transition" tag="div" appear="false" persisted="false" css="true" class="v-messages" role="alert" aria-live="polite" id="schedule-settings-start-date-messages">
                          <!---->
                        </transition-group-stub>
                        <!---->
                      </div>
                    </div>
                    <!---->
                    <div>
                      <!---->
                      <!---->
                    </div>
                    <!---->
                    <!---->
                  </div>
                </div>
                <transition-stub name="dp-menu-appear-bottom" appear="false" persisted="false" css="true">
                  <!---->
                </transition-stub>
              </div>
              <transition-stub data-v-76426b41="" name="expand-transition" appear="false" persisted="false" css="true">
                <!--v-if-->
              </transition-stub><label data-v-76426b41="" class="v-label" for="schedule-settings-unit-of-time">
                <!---->Unit of Time
              </label>
              <div data-v-76426b41="" class="v-input v-input--horizontal v-input--center-affix v-input--density-default v-locale--is-ltr v-input--dirty v-radio-group">
                <!---->
                <div class="v-input__control">
                  <!---->
                  <div class="v-selection-control-group v-selection-control-group--inline" role="radiogroup" aria-describedby="schedule-settings-unit-of-time-messages">
                    <div data-v-76426b41="" class="v-selection-control v-selection-control--dirty v-selection-control--inline v-selection-control--density-default v-radio" data-test-id="schedule-settings-unit-of-time-h">
                      <div class="v-selection-control__wrapper">
                        <!---->
                        <div class="v-selection-control__input"><i class="mdi-radiobox-marked mdi v-icon notranslate v-theme--light v-icon--size-default" aria-hidden="true"></i><input id="input-11" aria-disabled="false" type="radio" name="schedule-settings-unit-of-time" value="h"></div>
                      </div><label class="v-label v-label--clickable" for="input-11">
                        <!---->Hours
                      </label>
                    </div>
                    <div data-v-76426b41="" class="v-selection-control v-selection-control--inline v-selection-control--density-default v-radio" data-test-id="schedule-settings-unit-of-time-m">
                      <div class="v-selection-control__wrapper">
                        <!---->
                        <div class="v-selection-control__input"><i class="mdi-radiobox-blank mdi v-icon notranslate v-theme--light v-icon--size-default" aria-hidden="true"></i><input id="input-12" aria-disabled="false" type="radio" name="schedule-settings-unit-of-time" value="m"></div>
                      </div><label class="v-label v-label--clickable" for="input-12">
                        <!---->Minutes
                      </label>
                    </div>
                  </div>
                </div>
                <!---->
                <div class="v-input__details">
                  <transition-group-stub name="slide-y-transition" tag="div" appear="false" persisted="false" css="true" class="v-messages" role="alert" aria-live="polite" id="schedule-settings-unit-of-time-messages">
                    <!---->
                  </transition-group-stub>
                  <!---->
                </div>
              </div><label data-v-76426b41="" class="v-label" for="schedule-settings-default-duration">
                <!---->Default Activity Duration
              </label>
              <div data-v-76426b41="" class="v-input v-input--horizontal v-input--hide-spin-buttons v-input--density-default v-locale--is-ltr v-input--dirty v-text-field v-text-field--suffixed v-input--plain-underlined schedule-settings-input">
                <!---->
                <div class="v-input__control">
                  <div class="v-field v-field--active v-field--dirty v-field--no-label v-field--variant-underlined v-theme--light v-locale--is-ltr">
                    <div class="v-field__overlay"></div>
                    <div class="v-field__loader">
                      <div class="v-progress-linear v-theme--light v-locale--is-ltr" style="top: 0px; height: 0px; --v-progress-linear-height: 2px; left: 50%; transform: translateX(-50%);" role="progressbar" aria-hidden="true" aria-valuemin="0" aria-valuemax="100">
                        <!---->
                        <div class="v-progress-linear__background" style="width: 100%;"></div>
                        <transition-stub name="fade-transition" appear="false" persisted="false" css="true">
                          <div class="v-progress-linear__indeterminate">
                            <div class="v-progress-linear__indeterminate long"></div>
                            <div class="v-progress-linear__indeterminate short"></div>
                          </div>
                        </transition-stub>
                        <!---->
                      </div>
                    </div>
                    <!---->
                    <div class="v-field__field" data-no-activator="">
                      <!----><label class="v-label v-field-label" for="schedule-settings-default-duration">
                        <!---->
                        <!---->
                      </label>
                      <!----><input size="1" type="number" id="schedule-settings-default-duration" aria-describedby="schedule-settings-default-duration-messages" class="v-field__input"><span class="v-text-field__suffix"><span class="v-text-field__suffix__text">h</span></span>
                    </div>
                    <!---->
                    <!---->
                    <div class="v-field__outline">
                      <!---->
                      <!---->
                    </div>
                  </div>
                </div>
                <!---->
                <div class="v-input__details">
                  <transition-group-stub name="slide-y-transition" tag="div" appear="false" persisted="false" css="true" class="v-messages" role="alert" aria-live="polite" id="schedule-settings-default-duration-messages">
                    <!---->
                  </transition-group-stub>
                  <!---->
                </div>
              </div><label data-v-76426b41="" class="v-label">
                <!---->Available Activities
              </label>
              <div data-v-76426b41="" class="v-selection-control v-selection-control--dirty v-selection-control--density-default v-checkbox-btn" data-test-id="schedule-settings-toggle-all-activities">
                <div class="v-selection-control__wrapper text-secondary">
                  <!---->
                  <div class="v-selection-control__input"><i class="mdi-checkbox-marked mdi v-icon notranslate v-theme--light v-icon--size-default" aria-hidden="true"></i><input id="input-15" aria-disabled="false" type="checkbox" value="true"></div>
                </div><label class="v-label v-label--clickable" for="input-15">
                  <!---->Toggle All
                </label>
              </div>
              <div data-v-76426b41="" role="group">
                <div data-v-76426b41="" class="schedule-settings__icon-container d-inline-flex">
                  <div data-v-76426b41="" class="v-selection-control v-selection-control--dirty v-selection-control--density-default v-checkbox-btn flex-grow-0">
                    <div class="v-selection-control__wrapper">
                      <!---->
                      <div class="v-selection-control__input"><i class="mdi-checkbox-marked mdi v-icon notranslate v-theme--light v-icon--size-default" aria-hidden="true"></i><input id="schedule-settings-activity-badminton" aria-disabled="false" type="checkbox" value="badminton"></div>
                    </div>
                    <!---->
                  </div><label data-v-76426b41="" class="v-label flex-grow-1" for="schedule-settings-activity-badminton">
                    <!----><i data-v-76426b41="" class="mdi-badminton mdi v-icon notranslate v-theme--light v-icon--size-large" aria-hidden="true"></i> Badminton
                  </label>
                </div>
                <div data-v-76426b41="" class="schedule-settings__icon-container d-inline-flex">
                  <div data-v-76426b41="" class="v-selection-control v-selection-control--dirty v-selection-control--density-default v-checkbox-btn flex-grow-0">
                    <div class="v-selection-control__wrapper">
                      <!---->
                      <div class="v-selection-control__input"><i class="mdi-checkbox-marked mdi v-icon notranslate v-theme--light v-icon--size-default" aria-hidden="true"></i><input id="schedule-settings-activity-basketball" aria-disabled="false" type="checkbox" value="basketball"></div>
                    </div>
                    <!---->
                  </div><label data-v-76426b41="" class="v-label flex-grow-1" for="schedule-settings-activity-basketball">
                    <!----><i data-v-76426b41="" class="mdi-basketball mdi v-icon notranslate v-theme--light v-icon--size-large" aria-hidden="true"></i> Basketball
                  </label>
                </div>
                <div data-v-76426b41="" class="schedule-settings__icon-container d-inline-flex">
                  <div data-v-76426b41="" class="v-selection-control v-selection-control--dirty v-selection-control--density-default v-checkbox-btn flex-grow-0">
                    <div class="v-selection-control__wrapper">
                      <!---->
                      <div class="v-selection-control__input"><i class="mdi-checkbox-marked mdi v-icon notranslate v-theme--light v-icon--size-default" aria-hidden="true"></i><input id="schedule-settings-activity-maintenance" aria-disabled="false" type="checkbox" value="maintenance"></div>
                    </div>
                    <!---->
                  </div><label data-v-76426b41="" class="v-label flex-grow-1" for="schedule-settings-activity-maintenance">
                    <!----><i data-v-76426b41="" class="mdi-yoga mdi v-icon notranslate v-theme--light v-icon--size-large" aria-hidden="true"></i> Body Maintenance
                  </label>
                </div>
                <div data-v-76426b41="" class="schedule-settings__icon-container d-inline-flex">
                  <div data-v-76426b41="" class="v-selection-control v-selection-control--dirty v-selection-control--density-default v-checkbox-btn flex-grow-0">
                    <div class="v-selection-control__wrapper">
                      <!---->
                      <div class="v-selection-control__input"><i class="mdi-checkbox-marked mdi v-icon notranslate v-theme--light v-icon--size-default" aria-hidden="true"></i><input id="schedule-settings-activity-boxing" aria-disabled="false" type="checkbox" value="boxing"></div>
                    </div>
                    <!---->
                  </div><label data-v-76426b41="" class="v-label flex-grow-1" for="schedule-settings-activity-boxing">
                    <!----><i data-v-76426b41="" class="mdi-boxing-glove mdi v-icon notranslate v-theme--light v-icon--size-large" aria-hidden="true"></i> Boxing
                  </label>
                </div>
                <div data-v-76426b41="" class="schedule-settings__icon-container d-inline-flex">
                  <div data-v-76426b41="" class="v-selection-control v-selection-control--dirty v-selection-control--density-default v-checkbox-btn flex-grow-0">
                    <div class="v-selection-control__wrapper">
                      <!---->
                      <div class="v-selection-control__input"><i class="mdi-checkbox-marked mdi v-icon notranslate v-theme--light v-icon--size-default" aria-hidden="true"></i><input id="schedule-settings-activity-downhill" aria-disabled="false" type="checkbox" value="downhill"></div>
                    </div>
                    <!---->
                  </div><label data-v-76426b41="" class="v-label flex-grow-1" for="schedule-settings-activity-downhill">
                    <!----><i data-v-76426b41="" class="mdi-ski mdi v-icon notranslate v-theme--light v-icon--size-large" aria-hidden="true"></i> Downhill
                  </label>
                </div>
                <div data-v-76426b41="" class="schedule-settings__icon-container d-inline-flex">
                  <div data-v-76426b41="" class="v-selection-control v-selection-control--dirty v-selection-control--density-default v-checkbox-btn flex-grow-0">
                    <div class="v-selection-control__wrapper">
                      <!---->
                      <div class="v-selection-control__input"><i class="mdi-checkbox-marked mdi v-icon notranslate v-theme--light v-icon--size-default" aria-hidden="true"></i><input id="schedule-settings-activity-gym" aria-disabled="false" type="checkbox" value="gym"></div>
                    </div>
                    <!---->
                  </div><label data-v-76426b41="" class="v-label flex-grow-1" for="schedule-settings-activity-gym">
                    <!----><i data-v-76426b41="" class="mdi-dumbbell mdi v-icon notranslate v-theme--light v-icon--size-large" aria-hidden="true"></i> Gym
                  </label>
                </div>
                <div data-v-76426b41="" class="schedule-settings__icon-container d-inline-flex">
                  <div data-v-76426b41="" class="v-selection-control v-selection-control--dirty v-selection-control--density-default v-checkbox-btn flex-grow-0">
                    <div class="v-selection-control__wrapper">
                      <!---->
                      <div class="v-selection-control__input"><i class="mdi-checkbox-marked mdi v-icon notranslate v-theme--light v-icon--size-default" aria-hidden="true"></i><input id="schedule-settings-activity-hockey" aria-disabled="false" type="checkbox" value="hockey"></div>
                    </div>
                    <!---->
                  </div><label data-v-76426b41="" class="v-label flex-grow-1" for="schedule-settings-activity-hockey">
                    <!----><i data-v-76426b41="" class="mdi-hockey-sticks mdi v-icon notranslate v-theme--light v-icon--size-large" aria-hidden="true"></i> Hockey
                  </label>
                </div>
                <div data-v-76426b41="" class="schedule-settings__icon-container d-inline-flex">
                  <div data-v-76426b41="" class="v-selection-control v-selection-control--dirty v-selection-control--density-default v-checkbox-btn flex-grow-0">
                    <div class="v-selection-control__wrapper">
                      <!---->
                      <div class="v-selection-control__input"><i class="mdi-checkbox-marked mdi v-icon notranslate v-theme--light v-icon--size-default" aria-hidden="true"></i><input id="schedule-settings-activity-martialarts" aria-disabled="false" type="checkbox" value="martialarts"></div>
                    </div>
                    <!---->
                  </div><label data-v-76426b41="" class="v-label flex-grow-1" for="schedule-settings-activity-martialarts">
                    <!----><i data-v-76426b41="" class="mdi-karate mdi v-icon notranslate v-theme--light v-icon--size-large" aria-hidden="true"></i> Martial Arts
                  </label>
                </div>
                <div data-v-76426b41="" class="schedule-settings__icon-container d-inline-flex">
                  <div data-v-76426b41="" class="v-selection-control v-selection-control--dirty v-selection-control--density-default v-checkbox-btn flex-grow-0">
                    <div class="v-selection-control__wrapper">
                      <!---->
                      <div class="v-selection-control__input"><i class="mdi-checkbox-marked mdi v-icon notranslate v-theme--light v-icon--size-default" aria-hidden="true"></i><input id="schedule-settings-activity-meditation" aria-disabled="false" type="checkbox" value="meditation"></div>
                    </div>
                    <!---->
                  </div><label data-v-76426b41="" class="v-label flex-grow-1" for="schedule-settings-activity-meditation">
                    <!----><i data-v-76426b41="" class="mdi-meditation mdi v-icon notranslate v-theme--light v-icon--size-large" aria-hidden="true"></i> Meditation
                  </label>
                </div>
                <div data-v-76426b41="" class="schedule-settings__icon-container d-inline-flex">
                  <div data-v-76426b41="" class="v-selection-control v-selection-control--dirty v-selection-control--density-default v-checkbox-btn flex-grow-0">
                    <div class="v-selection-control__wrapper">
                      <!---->
                      <div class="v-selection-control__input"><i class="mdi-checkbox-marked mdi v-icon notranslate v-theme--light v-icon--size-default" aria-hidden="true"></i><input id="schedule-settings-activity-running" aria-disabled="false" type="checkbox" value="running"></div>
                    </div>
                    <!---->
                  </div><label data-v-76426b41="" class="v-label flex-grow-1" for="schedule-settings-activity-running">
                    <!----><i data-v-76426b41="" class="mdi-run mdi v-icon notranslate v-theme--light v-icon--size-large" aria-hidden="true"></i> Running
                  </label>
                </div>
                <div data-v-76426b41="" class="schedule-settings__icon-container d-inline-flex">
                  <div data-v-76426b41="" class="v-selection-control v-selection-control--dirty v-selection-control--density-default v-checkbox-btn flex-grow-0">
                    <div class="v-selection-control__wrapper">
                      <!---->
                      <div class="v-selection-control__input"><i class="mdi-checkbox-marked mdi v-icon notranslate v-theme--light v-icon--size-default" aria-hidden="true"></i><input id="schedule-settings-activity-skiing" aria-disabled="false" type="checkbox" value="skiing"></div>
                    </div>
                    <!---->
                  </div><label data-v-76426b41="" class="v-label flex-grow-1" for="schedule-settings-activity-skiing">
                    <!----><i data-v-76426b41="" class="mdi-ski-cross-country mdi v-icon notranslate v-theme--light v-icon--size-large" aria-hidden="true"></i> Skiing
                  </label>
                </div>
                <div data-v-76426b41="" class="schedule-settings__icon-container d-inline-flex">
                  <div data-v-76426b41="" class="v-selection-control v-selection-control--dirty v-selection-control--density-default v-checkbox-btn flex-grow-0">
                    <div class="v-selection-control__wrapper">
                      <!---->
                      <div class="v-selection-control__input"><i class="mdi-checkbox-marked mdi v-icon notranslate v-theme--light v-icon--size-default" aria-hidden="true"></i><input id="schedule-settings-activity-soccer" aria-disabled="false" type="checkbox" value="soccer"></div>
                    </div>
                    <!---->
                  </div><label data-v-76426b41="" class="v-label flex-grow-1" for="schedule-settings-activity-soccer">
                    <!----><i data-v-76426b41="" class="mdi-soccer mdi v-icon notranslate v-theme--light v-icon--size-large" aria-hidden="true"></i> Soccer
                  </label>
                </div>
                <div data-v-76426b41="" class="schedule-settings__icon-container d-inline-flex">
                  <div data-v-76426b41="" class="v-selection-control v-selection-control--dirty v-selection-control--density-default v-checkbox-btn flex-grow-0">
                    <div class="v-selection-control__wrapper">
                      <!---->
                      <div class="v-selection-control__input"><i class="mdi-checkbox-marked mdi v-icon notranslate v-theme--light v-icon--size-default" aria-hidden="true"></i><input id="schedule-settings-activity-sprint" aria-disabled="false" type="checkbox" value="sprint"></div>
                    </div>
                    <!---->
                  </div><label data-v-76426b41="" class="v-label flex-grow-1" for="schedule-settings-activity-sprint">
                    <!----><i data-v-76426b41="" class="mdi-run-fast mdi v-icon notranslate v-theme--light v-icon--size-large" aria-hidden="true"></i> Sprint
                  </label>
                </div>
                <div data-v-76426b41="" class="schedule-settings__icon-container d-inline-flex">
                  <div data-v-76426b41="" class="v-selection-control v-selection-control--dirty v-selection-control--density-default v-checkbox-btn flex-grow-0">
                    <div class="v-selection-control__wrapper">
                      <!---->
                      <div class="v-selection-control__input"><i class="mdi-checkbox-marked mdi v-icon notranslate v-theme--light v-icon--size-default" aria-hidden="true"></i><input id="schedule-settings-activity-swimming" aria-disabled="false" type="checkbox" value="swimming"></div>
                    </div>
                    <!---->
                  </div><label data-v-76426b41="" class="v-label flex-grow-1" for="schedule-settings-activity-swimming">
                    <!----><i data-v-76426b41="" class="mdi-swim mdi v-icon notranslate v-theme--light v-icon--size-large" aria-hidden="true"></i> Swimming
                  </label>
                </div>
                <div data-v-76426b41="" class="schedule-settings__icon-container d-inline-flex">
                  <div data-v-76426b41="" class="v-selection-control v-selection-control--dirty v-selection-control--density-default v-checkbox-btn flex-grow-0">
                    <div class="v-selection-control__wrapper">
                      <!---->
                      <div class="v-selection-control__input"><i class="mdi-checkbox-marked mdi v-icon notranslate v-theme--light v-icon--size-default" aria-hidden="true"></i><input id="schedule-settings-activity-tennis" aria-disabled="false" type="checkbox" value="tennis"></div>
                    </div>
                    <!---->
                  </div><label data-v-76426b41="" class="v-label flex-grow-1" for="schedule-settings-activity-tennis">
                    <!----><i data-v-76426b41="" class="mdi-tennis mdi v-icon notranslate v-theme--light v-icon--size-large" aria-hidden="true"></i> Tennis
                  </label>
                </div>
                <div data-v-76426b41="" class="schedule-settings__icon-container d-inline-flex">
                  <div data-v-76426b41="" class="v-selection-control v-selection-control--dirty v-selection-control--density-default v-checkbox-btn flex-grow-0">
                    <div class="v-selection-control__wrapper">
                      <!---->
                      <div class="v-selection-control__input"><i class="mdi-checkbox-marked mdi v-icon notranslate v-theme--light v-icon--size-default" aria-hidden="true"></i><input id="schedule-settings-activity-walking" aria-disabled="false" type="checkbox" value="walking"></div>
                    </div>
                    <!---->
                  </div><label data-v-76426b41="" class="v-label flex-grow-1" for="schedule-settings-activity-walking">
                    <!----><i data-v-76426b41="" class="mdi-walk mdi v-icon notranslate v-theme--light v-icon--size-large" aria-hidden="true"></i> Walking
                  </label>
                </div>
              </div>
              <!-- <v-label for="schedule-settings-lock-schedule-button">{{
              $t('settings.lockSchedule')
            }}</v-label>
            <v-switch
              id="schedule-settings-lock-schedule-button"
              v-model="settings.lockSchedule"
              :value="true"
              color="secondary"
              hide-details="auto"
            /> -->
            </div>
          </div>
        </transition-stub>
      </div>
    </div>
  </div>
  <div data-v-76426b41="" class="v-card-actions"><button data-v-76426b41="" type="button" class="v-btn v-btn--slim v-theme--light v-btn--density-default v-btn--size-default v-btn--variant-text" data-test-id="schedule-settings-add-week-button"><span class="v-btn__overlay"></span><span class="v-btn__underlay"></span><span class="v-btn__prepend"><i class="mdi-plus mdi v-icon notranslate v-theme--light v-icon--size-default" aria-hidden="true"></i></span><span class="v-btn__content" data-no-activator="">Add Week</span>
      <!---->
      <!---->
    </button></div>
  <!---->
  <!----><span class="v-card__underlay"></span>
</div>"
`;
