// Vitest Snapshot v1, https://vitest.dev/guide/snapshot.html

exports[`ScheduleView > mounts 1`] = `
"<div data-v-ff4a98e6="" data-v-eb553fec="" class="v-card v-theme--light v-card--density-default v-card--rounded v-card--variant-elevated mb-4" style="background-color: rgba(255, 255, 255, 0.8);">
  <!---->
  <div class="v-card__loader">
    <div class="v-progress-linear v-theme--light v-locale--is-ltr" style="top: 0px; height: 0px; --v-progress-linear-height: 2px; left: 50%; transform: translateX(-50%);" role="progressbar" aria-hidden="true" aria-valuemin="0" aria-valuemax="100">
      <!---->
      <div class="v-progress-linear__background" style="width: 100%;"></div>
      <transition-stub name="fade-transition" appear="false" persisted="false" css="true">
        <div class="v-progress-linear__indeterminate">
          <div class="v-progress-linear__indeterminate long"></div>
          <div class="v-progress-linear__indeterminate short"></div>
        </div>
      </transition-stub>
      <!---->
    </div>
  </div>
  <!---->
  <!---->
  <div data-v-ff4a98e6="" class="v-card-title d-print-none">
    <h1 data-v-ff4a98e6="" class="text-h4">Edit Schedule</h1>
  </div>
  <div data-v-ff4a98e6="" class="v-card-text">
    <p data-v-ff4a98e6="" class="d-flex align-center d-print-none mb-4"><i data-v-ff4a98e6="" class="mdi-information-box-outline mdi v-icon notranslate v-theme--light v-icon--size-default" aria-hidden="true"></i><span data-v-ff4a98e6="" class="ml-4">Add weeks to your schedule by clicking the button below. Then, add trainings by clicking the appropriate button in the week view. You can move, copy, and drag trainings or weeks to reorder them.</span></p>
    <div data-v-eb553fec="" class="v-expansion-panels v-theme--light v-expansion-panels--variant-accordion">
      <!--v-if-->
    </div>
  </div>
  <div data-v-ff4a98e6="" class="v-card-actions"><button data-v-eb553fec="" type="button" class="v-btn v-btn--slim v-theme--light v-btn--density-default v-btn--size-default v-btn--variant-text" data-test-id="schedule-add-week-button"><span class="v-btn__overlay"></span><span class="v-btn__underlay"></span><span class="v-btn__prepend"><i class="mdi-plus mdi v-icon notranslate v-theme--light v-icon--size-default" aria-hidden="true"></i></span><span class="v-btn__content" data-no-activator="">Add Week</span>
      <!---->
      <!---->
    </button><button data-v-eb553fec="" type="button" class="v-btn v-btn--slim v-theme--light text-error v-btn--density-default v-btn--size-default v-btn--variant-outlined" data-test-id="schedule-reset-button"><span class="v-btn__overlay"></span><span class="v-btn__underlay"></span><span class="v-btn__prepend"><i class="mdi-trash-can-outline mdi v-icon notranslate v-theme--light v-icon--size-default" aria-hidden="true"></i></span><span class="v-btn__content" data-no-activator="">Reset</span>
      <!---->
      <!---->
    </button></div>
  <!---->
  <!----><span class="v-card__underlay"></span>
</div>"
`;
