// Vitest Snapshot v1, https://vitest.dev/guide/snapshot.html

exports[`StatsView > mounts 1`] = `
"<div data-v-ff4a98e6="" data-v-a19ac338="" class="v-card v-theme--customLight v-card--density-default v-card--rounded v-card--variant-elevated" style="background-color: rgba(255, 255, 255, 0.75);">
  <!---->
  <div class="v-card__loader">
    <div class="v-progress-linear v-theme--customLight v-locale--is-ltr" style="top: 0px; height: 0px; --v-progress-linear-height: 2px;" role="progressbar" aria-hidden="true" aria-valuemin="0" aria-valuemax="100">
      <!---->
      <div class="v-progress-linear__background"></div>
      <div class="v-progress-linear__buffer" style="width: 0%;"></div>
      <transition-stub name="fade-transition" appear="false" persisted="false" css="true">
        <div class="v-progress-linear__indeterminate">
          <div class="v-progress-linear__indeterminate long"></div>
          <div class="v-progress-linear__indeterminate short"></div>
        </div>
      </transition-stub>
      <!---->
    </div>
  </div>
  <!---->
  <!---->
  <div data-v-ff4a98e6="" class="v-card-title d-print-none">
    <h1 data-v-ff4a98e6="" class="text-h4">Statistics</h1>
  </div>
  <div data-v-ff4a98e6="" class="v-card-subtitle d-flex align-center d-print-none"><i data-v-ff4a98e6="" class="v-icon notranslate v-theme--customLight v-icon--size-default" aria-hidden="true"><svg class="v-icon__svg" xmlns="http://www.w3.org/2000/svg" viewBox="0 0 24 24" role="img" aria-hidden="true">
        <path d="M13 9H11V7H13V9M13 17H11V11H13V17M5 3H19C20.1 3 21 3.89 21 5V19C21 19.53 20.79 20.04 20.41 20.41C20.04 20.79 19.53 21 19 21H5C4.47 21 3.96 20.79 3.59 20.41C3.21 20.04 3 19.53 3 19V5C3 3.89 3.89 3 5 3M19 19V5H5V19H19Z"></path>
      </svg></i> The statistics are updated automatically as you add and complete trainings. Click on a data label to exclude it from the chart.</div>
  <div data-v-ff4a98e6="" class="v-card-text">
    <div data-v-a19ac338="" class="v-row justify-center" wrap="">
      <div data-v-a19ac338="" class="v-col stats__chart">
        <div options="[object Object]" data="[object Object]" aria-describedby="activity-chart-table"></div>
        <table class="d-sr-only" id="activity-chart-table">
          <caption>Training activities</caption>
          <thead>
            <tr>
              <!--v-if-->
              <th>Running</th>
              <th>Swimming</th>
              <th>Badminton</th>
              <th>Body Maintenance</th>
              <th>Gym</th>
              <th>Sprint</th>
              <th>Other</th>
            </tr>
          </thead>
          <tbody>
            <tr>
              <td>2</td>
              <td>2</td>
              <td>1</td>
              <td>1</td>
              <td>1</td>
              <td>1</td>
              <td>1</td>
            </tr>
          </tbody>
        </table>
      </div>
      <div data-v-a19ac338="" class="v-col stats__chart">
        <div options="[object Object]" data="[object Object]" aria-describedby="intensity-chart-table"></div>
        <table class="d-sr-only" id="intensity-chart-table">
          <caption>Intensity of trainings</caption>
          <thead>
            <tr>
              <!--v-if-->
              <th>Light</th>
              <th>Normal</th>
              <th>Demanding</th>
            </tr>
          </thead>
          <tbody>
            <tr>
              <td>1</td>
              <td>5</td>
              <td>3</td>
            </tr>
          </tbody>
        </table>
      </div>
      <div data-v-a19ac338="" class="v-col stats__chart">
        <div options="[object Object]" data="[object Object]" aria-describedby="rating-chart-table"></div>
        <table class="d-sr-only" id="rating-chart-table">
          <caption>Ratings</caption>
          <thead>
            <tr>
              <!--v-if-->
              <th>No rating</th>
              <th>1 ★</th>
              <th>2 ★</th>
              <th>4 ★</th>
              <th>5 ★</th>
            </tr>
          </thead>
          <tbody>
            <tr>
              <td>5</td>
              <td>1</td>
              <td>1</td>
              <td>1</td>
              <td>1</td>
            </tr>
          </tbody>
        </table>
      </div>
    </div>
    <div data-v-a19ac338="" class="v-row">
      <div data-v-a19ac338="" class="v-col stats__wide-chart">
        <div options="[object Object]" data="[object Object]" aria-describedby="weekly-trainings-chart-table"></div>
        <table class="d-sr-only" id="weekly-trainings-chart-table">
          <caption>Weekly trainings</caption>
          <thead>
            <tr>
              <td></td>
              <th>Week 1</th>
              <th>Week 2</th>
            </tr>
          </thead>
          <tbody>
            <tr>
              <th>Total trainings</th>
              <td>4</td>
              <td>5</td>
            </tr>
            <tr>
              <th>Completed trainings</th>
              <td>2</td>
              <td>3</td>
            </tr>
          </tbody>
        </table>
      </div>
    </div>
    <div data-v-a19ac338="" class="v-row">
      <div data-v-a19ac338="" class="v-col stats__wide-chart">
        <div options="[object Object]" data="[object Object]" aria-describedby="weekly-summary-chart-table"></div>
        <table class="d-sr-only" id="weekly-summary-chart-table">
          <caption>Weekly summary</caption>
          <thead>
            <tr>
              <td></td>
              <th>Week 1</th>
              <th>Week 2</th>
            </tr>
          </thead>
          <tbody>
            <tr>
              <th>Hours</th>
              <td>2</td>
              <td>5.25</td>
            </tr>
            <tr>
              <th>Kilometers</th>
              <td>30</td>
              <td>15</td>
            </tr>
            <tr>
              <th>Miles</th>
              <td>1</td>
              <td>0</td>
            </tr>
          </tbody>
        </table>
      </div>
    </div>
  </div>
  <!--v-if-->
  <!---->
  <!----><span class="v-card__underlay"></span>
</div>"
`;
