// Vitest Snapshot v1, https://vitest.dev/guide/snapshot.html

exports[`WeekSupplement > mounts 1`] = `
"<div data-v-22de64f8="">
  <div data-v-22de64f8="" class="mt-4 text-subtitle-2 text-uppercase">Monday</div>
  <ul data-v-22de64f8="">
    <li data-v-22de64f8="" class="mt-1 week-supplement__instruction text-body-1"><span data-v-22de64f8=""><i data-v-22de64f8="" class="mdi-boxing-glove mdi v-icon notranslate v-theme--light v-icon--size-default" aria-hidden="true" title="Boxing" aria-label="Boxing"></i> Boxing:&nbsp;</span><span data-v-22de64f8="">Sparring at the gym</span></li>
  </ul>
</div>"
`;
