// Vitest Snapshot v1, https://vitest.dev/guide/snapshot.html

exports[`WeekCalendarActions > mounts 1`] = `
"<div class="d-flex mt-4"><button type="button" class="v-btn v-theme--customLight v-btn--density-default v-btn--size-default v-btn--variant-text" data-test-id="week-0-add-training-button"><span class="v-btn__overlay"></span><span class="v-btn__underlay"></span><span class="v-btn__prepend"><i class="v-icon notranslate v-theme--customLight v-icon--size-default" aria-hidden="true"><svg class="v-icon__svg" xmlns="http://www.w3.org/2000/svg" viewBox="0 0 24 24" role="img" aria-hidden="true"><path d="M19,13H13V19H11V13H5V11H11V5H13V11H19V13Z"></path></svg></i></span><span class="v-btn__content" data-no-activator="">Add training</span>
    <!---->
    <!---->
  </button><button type="button" class="v-btn v-theme--customLight v-btn--density-default v-btn--size-default v-btn--variant-text" aria-label="Copy Week 1" data-test-id="week-0-copy-button"><span class="v-btn__overlay"></span><span class="v-btn__underlay"></span><span class="v-btn__prepend"><i class="v-icon notranslate v-theme--customLight v-icon--size-default" aria-hidden="true"><svg class="v-icon__svg" xmlns="http://www.w3.org/2000/svg" viewBox="0 0 24 24" role="img" aria-hidden="true"><path d="M19,21H8V7H19M19,5H8A2,2 0 0,0 6,7V21A2,2 0 0,0 8,23H19A2,2 0 0,0 21,21V7A2,2 0 0,0 19,5M16,1H4A2,2 0 0,0 2,3V17H4V3H16V1Z"></path></svg></i></span><span class="v-btn__content" data-no-activator="">Copy Week </span>
    <!---->
    <!---->
  </button><button type="button" class="v-btn v-theme--customLight text-error v-btn--density-default v-btn--size-default v-btn--variant-outlined" aria-label="Delete Week 1" data-test-id="week-0-delete-button"><span class="v-btn__overlay"></span><span class="v-btn__underlay"></span><span class="v-btn__prepend"><i class="v-icon notranslate v-theme--customLight v-icon--size-default" aria-hidden="true"><svg class="v-icon__svg" xmlns="http://www.w3.org/2000/svg" viewBox="0 0 24 24" role="img" aria-hidden="true"><path d="M19,4H15.5L14.5,3H9.5L8.5,4H5V6H19M6,19A2,2 0 0,0 8,21H16A2,2 0 0,0 18,19V7H6V19Z"></path></svg></i></span><span class="v-btn__content" data-no-activator="">Delete Week </span>
    <!---->
    <!---->
  </button></div>"
`;
